QA output created by 309
Test 1 part 1 passed.
Test 1 part 2 passed.
Test 2 passed.
Test 3 passed.
